// Jest Snapshot v1, https://goo.gl/fbAQLP

exports[`InputModalComponent testing should render properly 1`] = `
ShallowWrapper {
  Symbol(enzyme.__root__): [Circular],
  Symbol(enzyme.__unrendered__): <InputModalComponent
    handleClose={[MockFunction]}
    handleConfirm={[MockFunction]}
    message="test"
    show={true}
    title="test title"
  />,
  Symbol(enzyme.__renderer__): Object {
    "batchedUpdates": [Function],
    "checkPropTypes": [Function],
    "getNode": [Function],
    "render": [Function],
    "simulateError": [Function],
    "simulateEvent": [Function],
    "unmount": [Function],
  },
  Symbol(enzyme.__node__): Object {
    "instance": null,
    "key": undefined,
    "nodeType": "function",
    "props": Object {
      "children": Array [
        <ForwardRef
          closeButton={true}
          closeLabel="Close"
        >
          <ForwardRef>
            test title
          </ForwardRef>
        </ForwardRef>,
        <ForwardRef>
          <ForwardRef
            as="form"
            inline={false}
          >
            <ForwardRef
              as="input"
              onChange={[Function]}
              type="text"
              value=""
            />
          </ForwardRef>
        </ForwardRef>,
        <ForwardRef>
          <ForwardRef
            active={false}
            className="confirm-btn"
            disabled={false}
            onClick={[Function]}
            type="button"
            variant="primary"
          >
            Confirm
          </ForwardRef>
          <ForwardRef
            active={false}
            className="close-btn"
            disabled={false}
            onClick={[Function]}
            type="button"
            variant="secondary"
          >
            Close
          </ForwardRef>
        </ForwardRef>,
      ],
      "onHide": [MockFunction],
      "show": true,
    },
    "ref": null,
    "rendered": Array [
      Object {
        "instance": null,
        "key": undefined,
        "nodeType": "function",
        "props": Object {
          "children": <ForwardRef>
            test title
          </ForwardRef>,
          "closeButton": true,
          "closeLabel": "Close",
        },
        "ref": null,
        "rendered": Object {
          "instance": null,
          "key": undefined,
          "nodeType": "function",
          "props": Object {
            "children": "test title",
          },
          "ref": null,
          "rendered": "test title",
          "type": Object {
            "$$typeof": Symbol(react.forward_ref),
            "defaultProps": undefined,
            "displayName": "ModalTitle",
            "render": [Function],
          },
        },
        "type": Object {
          "$$typeof": Symbol(react.forward_ref),
          "defaultProps": Object {
            "closeButton": false,
            "closeLabel": "Close",
          },
          "displayName": "ModalHeader",
          "render": [Function],
        },
      },
      Object {
        "instance": null,
        "key": undefined,
        "nodeType": "function",
        "props": Object {
          "children": <ForwardRef
            as="form"
            inline={false}
          >
            <ForwardRef
              as="input"
              onChange={[Function]}
              type="text"
              value=""
            />
          </ForwardRef>,
        },
        "ref": null,
        "rendered": Object {
          "instance": null,
          "key": undefined,
          "nodeType": "function",
          "props": Object {
            "as": "form",
            "children": <ForwardRef
              as="input"
              onChange={[Function]}
              type="text"
              value=""
            />,
            "inline": false,
          },
          "ref": null,
          "rendered": Object {
            "instance": null,
            "key": undefined,
            "nodeType": "function",
            "props": Object {
              "as": "input",
              "onChange": [Function],
              "type": "text",
              "value": "",
            },
            "ref": null,
            "rendered": null,
            "type": Object {
              "$$typeof": Symbol(react.forward_ref),
              "Feedback": Object {
                "$$typeof": Symbol(react.forward_ref),
                "defaultProps": Object {
                  "as": "div",
                  "type": "valid",
                },
                "displayName": "Feedback",
                "propTypes": Object {
                  "as": [Function],
                  "type": [Function],
                },
                "render": [Function],
              },
              "defaultProps": Object {
                "as": "input",
              },
              "displayName": "FormControl",
              "render": [Function],
            },
          },
          "type": Object {
            "$$typeof": Symbol(react.forward_ref),
            "Check": Object {
              "$$typeof": Symbol(react.forward_ref),
              "Input": Object {
                "$$typeof": Symbol(react.forward_ref),
                "defaultProps": Object {
                  "type": "checkbox",
                },
                "displayName": "FormCheckInput",
                "render": [Function],
              },
              "Label": Object {
                "$$typeof": Symbol(react.forward_ref),
                "defaultProps": Object {
                  "type": "checkbox",
                },
                "displayName": "FormCheckLabel",
                "render": [Function],
              },
              "defaultProps": Object {
                "disabled": false,
                "inline": false,
                "isInvalid": false,
                "isValid": false,
                "title": "",
                "type": "checkbox",
              },
              "displayName": "FormCheck",
              "render": [Function],
            },
            "Control": Object {
              "$$typeof": Symbol(react.forward_ref),
              "Feedback": Object {
                "$$typeof": Symbol(react.forward_ref),
                "defaultProps": Object {
                  "as": "div",
                  "type": "valid",
                },
                "displayName": "Feedback",
                "propTypes": Object {
                  "as": [Function],
                  "type": [Function],
                },
                "render": [Function],
              },
              "defaultProps": Object {
                "as": "input",
              },
              "displayName": "FormControl",
              "render": [Function],
            },
            "Group": Object {
              "$$typeof": Symbol(react.forward_ref),
              "defaultProps": Object {
                "as": "div",
              },
              "displayName": "FormGroup",
              "render": [Function],
            },
            "Label": Object {
              "$$typeof": Symbol(react.forward_ref),
              "defaultProps": Object {
                "column": false,
                "srOnly": false,
              },
              "displayName": "FormLabel",
              "render": [Function],
            },
            "Row": Object {
              "$$typeof": Symbol(react.forward_ref),
              "defaultProps": undefined,
              "displayName": "FormRow",
              "render": [Function],
            },
            "Text": Object {
              "$$typeof": Symbol(react.forward_ref),
              "defaultProps": Object {
                "as": "small",
              },
              "displayName": "FormText",
              "render": [Function],
            },
            "defaultProps": Object {
              "as": "form",
              "inline": false,
            },
            "displayName": "Form",
            "render": [Function],
          },
        },
        "type": Object {
          "$$typeof": Symbol(react.forward_ref),
          "defaultProps": undefined,
          "displayName": "ModalBody",
          "render": [Function],
        },
      },
      Object {
        "instance": null,
        "key": undefined,
        "nodeType": "function",
        "props": Object {
          "children": Array [
            <ForwardRef
              active={false}
              className="confirm-btn"
              disabled={false}
              onClick={[Function]}
              type="button"
              variant="primary"
            >
              Confirm
            </ForwardRef>,
            <ForwardRef
              active={false}
              className="close-btn"
              disabled={false}
              onClick={[Function]}
              type="button"
              variant="secondary"
            >
              Close
            </ForwardRef>,
          ],
        },
        "ref": null,
        "rendered": Array [
          Object {
            "instance": null,
            "key": undefined,
            "nodeType": "function",
            "props": Object {
              "active": false,
              "children": "Confirm",
              "className": "confirm-btn",
              "disabled": false,
              "onClick": [Function],
              "type": "button",
              "variant": "primary",
            },
            "ref": null,
            "rendered": "Confirm",
            "type": Object {
              "$$typeof": Symbol(react.forward_ref),
              "defaultProps": Object {
                "active": false,
                "disabled": false,
                "type": "button",
                "variant": "primary",
              },
              "displayName": "Button",
              "render": [Function],
            },
          },
          Object {
            "instance": null,
            "key": undefined,
            "nodeType": "function",
            "props": Object {
              "active": false,
              "children": "Close",
              "className": "close-btn",
              "disabled": false,
              "onClick": [Function],
              "type": "button",
              "variant": "secondary",
            },
            "ref": null,
            "rendered": "Close",
            "type": Object {
              "$$typeof": Symbol(react.forward_ref),
              "defaultProps": Object {
                "active": false,
                "disabled": false,
                "type": "button",
                "variant": "primary",
              },
              "displayName": "Button",
              "render": [Function],
            },
          },
        ],
        "type": Object {
          "$$typeof": Symbol(react.forward_ref),
          "defaultProps": undefined,
          "displayName": "ModalFooter",
          "render": [Function],
        },
      },
    ],
    "type": Object {
      "$$typeof": Symbol(react.forward_ref),
      "BACKDROP_TRANSITION_DURATION": 150,
      "Body": Object {
        "$$typeof": Symbol(react.forward_ref),
        "defaultProps": undefined,
        "displayName": "ModalBody",
        "render": [Function],
      },
      "Dialog": Object {
        "$$typeof": Symbol(react.forward_ref),
        "displayName": "ModalDialog",
        "render": [Function],
      },
      "Footer": Object {
        "$$typeof": Symbol(react.forward_ref),
        "defaultProps": undefined,
        "displayName": "ModalFooter",
        "render": [Function],
      },
      "Header": Object {
        "$$typeof": Symbol(react.forward_ref),
        "defaultProps": Object {
          "closeButton": false,
          "closeLabel": "Close",
        },
        "displayName": "ModalHeader",
        "render": [Function],
      },
      "TRANSITION_DURATION": 300,
      "Title": Object {
        "$$typeof": Symbol(react.forward_ref),
        "defaultProps": undefined,
        "displayName": "ModalTitle",
        "render": [Function],
      },
      "defaultProps": undefined,
      "displayName": "Bootstrap(Modal)",
      "propTypes": undefined,
      "render": [Function],
    },
  },
  Symbol(enzyme.__nodes__): Array [
    Object {
      "instance": null,
      "key": undefined,
      "nodeType": "function",
      "props": Object {
        "children": Array [
          <ForwardRef
            closeButton={true}
            closeLabel="Close"
          >
            <ForwardRef>
              test title
            </ForwardRef>
          </ForwardRef>,
          <ForwardRef>
            <ForwardRef
              as="form"
              inline={false}
            >
              <ForwardRef
                as="input"
                onChange={[Function]}
                type="text"
                value=""
              />
            </ForwardRef>
          </ForwardRef>,
          <ForwardRef>
            <ForwardRef
              active={false}
              className="confirm-btn"
              disabled={false}
              onClick={[Function]}
              type="button"
              variant="primary"
            >
              Confirm
            </ForwardRef>
            <ForwardRef
              active={false}
              className="close-btn"
              disabled={false}
              onClick={[Function]}
              type="button"
              variant="secondary"
            >
              Close
            </ForwardRef>
          </ForwardRef>,
        ],
        "onHide": [MockFunction],
        "show": true,
      },
      "ref": null,
      "rendered": Array [
        Object {
          "instance": null,
          "key": undefined,
          "nodeType": "function",
          "props": Object {
            "children": <ForwardRef>
              test title
            </ForwardRef>,
            "closeButton": true,
            "closeLabel": "Close",
          },
          "ref": null,
          "rendered": Object {
            "instance": null,
            "key": undefined,
            "nodeType": "function",
            "props": Object {
              "children": "test title",
            },
            "ref": null,
            "rendered": "test title",
            "type": Object {
              "$$typeof": Symbol(react.forward_ref),
              "defaultProps": undefined,
              "displayName": "ModalTitle",
              "render": [Function],
            },
          },
          "type": Object {
            "$$typeof": Symbol(react.forward_ref),
            "defaultProps": Object {
              "closeButton": false,
              "closeLabel": "Close",
            },
            "displayName": "ModalHeader",
            "render": [Function],
          },
        },
        Object {
          "instance": null,
          "key": undefined,
          "nodeType": "function",
          "props": Object {
            "children": <ForwardRef
              as="form"
              inline={false}
            >
              <ForwardRef
                as="input"
                onChange={[Function]}
                type="text"
                value=""
              />
            </ForwardRef>,
          },
          "ref": null,
          "rendered": Object {
            "instance": null,
            "key": undefined,
            "nodeType": "function",
            "props": Object {
              "as": "form",
              "children": <ForwardRef
                as="input"
                onChange={[Function]}
                type="text"
                value=""
              />,
              "inline": false,
            },
            "ref": null,
            "rendered": Object {
              "instance": null,
              "key": undefined,
              "nodeType": "function",
              "props": Object {
                "as": "input",
                "onChange": [Function],
                "type": "text",
                "value": "",
              },
              "ref": null,
              "rendered": null,
              "type": Object {
                "$$typeof": Symbol(react.forward_ref),
                "Feedback": Object {
                  "$$typeof": Symbol(react.forward_ref),
                  "defaultProps": Object {
                    "as": "div",
                    "type": "valid",
                  },
                  "displayName": "Feedback",
                  "propTypes": Object {
                    "as": [Function],
                    "type": [Function],
                  },
                  "render": [Function],
                },
                "defaultProps": Object {
                  "as": "input",
                },
                "displayName": "FormControl",
                "render": [Function],
              },
            },
            "type": Object {
              "$$typeof": Symbol(react.forward_ref),
              "Check": Object {
                "$$typeof": Symbol(react.forward_ref),
                "Input": Object {
                  "$$typeof": Symbol(react.forward_ref),
                  "defaultProps": Object {
                    "type": "checkbox",
                  },
                  "displayName": "FormCheckInput",
                  "render": [Function],
                },
                "Label": Object {
                  "$$typeof": Symbol(react.forward_ref),
                  "defaultProps": Object {
                    "type": "checkbox",
                  },
                  "displayName": "FormCheckLabel",
                  "render": [Function],
                },
                "defaultProps": Object {
                  "disabled": false,
                  "inline": false,
                  "isInvalid": false,
                  "isValid": false,
                  "title": "",
                  "type": "checkbox",
                },
                "displayName": "FormCheck",
                "render": [Function],
              },
              "Control": Object {
                "$$typeof": Symbol(react.forward_ref),
                "Feedback": Object {
                  "$$typeof": Symbol(react.forward_ref),
                  "defaultProps": Object {
                    "as": "div",
                    "type": "valid",
                  },
                  "displayName": "Feedback",
                  "propTypes": Object {
                    "as": [Function],
                    "type": [Function],
                  },
                  "render": [Function],
                },
                "defaultProps": Object {
                  "as": "input",
                },
                "displayName": "FormControl",
                "render": [Function],
              },
              "Group": Object {
                "$$typeof": Symbol(react.forward_ref),
                "defaultProps": Object {
                  "as": "div",
                },
                "displayName": "FormGroup",
                "render": [Function],
              },
              "Label": Object {
                "$$typeof": Symbol(react.forward_ref),
                "defaultProps": Object {
                  "column": false,
                  "srOnly": false,
                },
                "displayName": "FormLabel",
                "render": [Function],
              },
              "Row": Object {
                "$$typeof": Symbol(react.forward_ref),
                "defaultProps": undefined,
                "displayName": "FormRow",
                "render": [Function],
              },
              "Text": Object {
                "$$typeof": Symbol(react.forward_ref),
                "defaultProps": Object {
                  "as": "small",
                },
                "displayName": "FormText",
                "render": [Function],
              },
              "defaultProps": Object {
                "as": "form",
                "inline": false,
              },
              "displayName": "Form",
              "render": [Function],
            },
          },
          "type": Object {
            "$$typeof": Symbol(react.forward_ref),
            "defaultProps": undefined,
            "displayName": "ModalBody",
            "render": [Function],
          },
        },
        Object {
          "instance": null,
          "key": undefined,
          "nodeType": "function",
          "props": Object {
            "children": Array [
              <ForwardRef
                active={false}
                className="confirm-btn"
                disabled={false}
                onClick={[Function]}
                type="button"
                variant="primary"
              >
                Confirm
              </ForwardRef>,
              <ForwardRef
                active={false}
                className="close-btn"
                disabled={false}
                onClick={[Function]}
                type="button"
                variant="secondary"
              >
                Close
              </ForwardRef>,
            ],
          },
          "ref": null,
          "rendered": Array [
            Object {
              "instance": null,
              "key": undefined,
              "nodeType": "function",
              "props": Object {
                "active": false,
                "children": "Confirm",
                "className": "confirm-btn",
                "disabled": false,
                "onClick": [Function],
                "type": "button",
                "variant": "primary",
              },
              "ref": null,
              "rendered": "Confirm",
              "type": Object {
                "$$typeof": Symbol(react.forward_ref),
                "defaultProps": Object {
                  "active": false,
                  "disabled": false,
                  "type": "button",
                  "variant": "primary",
                },
                "displayName": "Button",
                "render": [Function],
              },
            },
            Object {
              "instance": null,
              "key": undefined,
              "nodeType": "function",
              "props": Object {
                "active": false,
                "children": "Close",
                "className": "close-btn",
                "disabled": false,
                "onClick": [Function],
                "type": "button",
                "variant": "secondary",
              },
              "ref": null,
              "rendered": "Close",
              "type": Object {
                "$$typeof": Symbol(react.forward_ref),
                "defaultProps": Object {
                  "active": false,
                  "disabled": false,
                  "type": "button",
                  "variant": "primary",
                },
                "displayName": "Button",
                "render": [Function],
              },
            },
          ],
          "type": Object {
            "$$typeof": Symbol(react.forward_ref),
            "defaultProps": undefined,
            "displayName": "ModalFooter",
            "render": [Function],
          },
        },
      ],
      "type": Object {
        "$$typeof": Symbol(react.forward_ref),
        "BACKDROP_TRANSITION_DURATION": 150,
        "Body": Object {
          "$$typeof": Symbol(react.forward_ref),
          "defaultProps": undefined,
          "displayName": "ModalBody",
          "render": [Function],
        },
        "Dialog": Object {
          "$$typeof": Symbol(react.forward_ref),
          "displayName": "ModalDialog",
          "render": [Function],
        },
        "Footer": Object {
          "$$typeof": Symbol(react.forward_ref),
          "defaultProps": undefined,
          "displayName": "ModalFooter",
          "render": [Function],
        },
        "Header": Object {
          "$$typeof": Symbol(react.forward_ref),
          "defaultProps": Object {
            "closeButton": false,
            "closeLabel": "Close",
          },
          "displayName": "ModalHeader",
          "render": [Function],
        },
        "TRANSITION_DURATION": 300,
        "Title": Object {
          "$$typeof": Symbol(react.forward_ref),
          "defaultProps": undefined,
          "displayName": "ModalTitle",
          "render": [Function],
        },
        "defaultProps": undefined,
        "displayName": "Bootstrap(Modal)",
        "propTypes": undefined,
        "render": [Function],
      },
    },
  ],
  Symbol(enzyme.__options__): Object {
    "adapter": ReactSixteenAdapter {
      "options": Object {
        "enableComponentDidUpdateOnSetState": true,
        "legacyContextMode": "parent",
        "lifecycles": Object {
          "componentDidUpdate": Object {
            "onSetState": true,
          },
          "getChildContext": Object {
            "calledByRenderer": false,
          },
          "getDerivedStateFromProps": Object {
            "hasShouldComponentUpdateBug": false,
          },
          "getSnapshotBeforeUpdate": true,
          "setState": Object {
            "skipsComponentDidUpdateOnNullish": true,
          },
        },
      },
    },
  },
  Symbol(enzyme.__childContext__): null,
}
`;
