// Jest Snapshot v1, https://goo.gl/fbAQLP

exports[`ModelComponent testing should render properly 1`] = `
ShallowWrapper {
  Symbol(enzyme.__root__): [Circular],
  Symbol(enzyme.__unrendered__): <ModalComponent
    handleClose={[MockFunction]}
    message="test"
    show={true}
    title="test title"
  />,
  Symbol(enzyme.__renderer__): Object {
    "batchedUpdates": [Function],
    "checkPropTypes": [Function],
    "getNode": [Function],
    "render": [Function],
    "simulateError": [Function],
    "simulateEvent": [Function],
    "unmount": [Function],
  },
  Symbol(enzyme.__node__): Object {
    "instance": null,
    "key": undefined,
    "nodeType": "function",
    "props": Object {
      "children": Array [
        <ForwardRef
          closeButton={true}
          closeLabel="Close"
        >
          <ForwardRef>
            test title
          </ForwardRef>
        </ForwardRef>,
        <ForwardRef>
          test
        </ForwardRef>,
        <ForwardRef>
          <ForwardRef
            active={false}
            className="close-btn"
            disabled={false}
            onClick={[MockFunction]}
            type="button"
            variant="secondary"
          >
            Close
          </ForwardRef>
        </ForwardRef>,
      ],
      "onHide": [MockFunction],
      "show": true,
    },
    "ref": null,
    "rendered": Array [
      Object {
        "instance": null,
        "key": undefined,
        "nodeType": "function",
        "props": Object {
          "children": <ForwardRef>
            test title
          </ForwardRef>,
          "closeButton": true,
          "closeLabel": "Close",
        },
        "ref": null,
        "rendered": Object {
          "instance": null,
          "key": undefined,
          "nodeType": "function",
          "props": Object {
            "children": "test title",
          },
          "ref": null,
          "rendered": "test title",
          "type": Object {
            "$$typeof": Symbol(react.forward_ref),
            "defaultProps": undefined,
            "displayName": "ModalTitle",
            "render": [Function],
          },
        },
        "type": Object {
          "$$typeof": Symbol(react.forward_ref),
          "defaultProps": Object {
            "closeButton": false,
            "closeLabel": "Close",
          },
          "displayName": "ModalHeader",
          "render": [Function],
        },
      },
      Object {
        "instance": null,
        "key": undefined,
        "nodeType": "function",
        "props": Object {
          "children": "test",
        },
        "ref": null,
        "rendered": "test",
        "type": Object {
          "$$typeof": Symbol(react.forward_ref),
          "defaultProps": undefined,
          "displayName": "ModalBody",
          "render": [Function],
        },
      },
      Object {
        "instance": null,
        "key": undefined,
        "nodeType": "function",
        "props": Object {
          "children": <ForwardRef
            active={false}
            className="close-btn"
            disabled={false}
            onClick={[MockFunction]}
            type="button"
            variant="secondary"
          >
            Close
          </ForwardRef>,
        },
        "ref": null,
        "rendered": Object {
          "instance": null,
          "key": undefined,
          "nodeType": "function",
          "props": Object {
            "active": false,
            "children": "Close",
            "className": "close-btn",
            "disabled": false,
            "onClick": [MockFunction],
            "type": "button",
            "variant": "secondary",
          },
          "ref": null,
          "rendered": "Close",
          "type": Object {
            "$$typeof": Symbol(react.forward_ref),
            "defaultProps": Object {
              "active": false,
              "disabled": false,
              "type": "button",
              "variant": "primary",
            },
            "displayName": "Button",
            "render": [Function],
          },
        },
        "type": Object {
          "$$typeof": Symbol(react.forward_ref),
          "defaultProps": undefined,
          "displayName": "ModalFooter",
          "render": [Function],
        },
      },
    ],
    "type": Object {
      "$$typeof": Symbol(react.forward_ref),
      "BACKDROP_TRANSITION_DURATION": 150,
      "Body": Object {
        "$$typeof": Symbol(react.forward_ref),
        "defaultProps": undefined,
        "displayName": "ModalBody",
        "render": [Function],
      },
      "Dialog": Object {
        "$$typeof": Symbol(react.forward_ref),
        "displayName": "ModalDialog",
        "render": [Function],
      },
      "Footer": Object {
        "$$typeof": Symbol(react.forward_ref),
        "defaultProps": undefined,
        "displayName": "ModalFooter",
        "render": [Function],
      },
      "Header": Object {
        "$$typeof": Symbol(react.forward_ref),
        "defaultProps": Object {
          "closeButton": false,
          "closeLabel": "Close",
        },
        "displayName": "ModalHeader",
        "render": [Function],
      },
      "TRANSITION_DURATION": 300,
      "Title": Object {
        "$$typeof": Symbol(react.forward_ref),
        "defaultProps": undefined,
        "displayName": "ModalTitle",
        "render": [Function],
      },
      "defaultProps": undefined,
      "displayName": "Bootstrap(Modal)",
      "propTypes": undefined,
      "render": [Function],
    },
  },
  Symbol(enzyme.__nodes__): Array [
    Object {
      "instance": null,
      "key": undefined,
      "nodeType": "function",
      "props": Object {
        "children": Array [
          <ForwardRef
            closeButton={true}
            closeLabel="Close"
          >
            <ForwardRef>
              test title
            </ForwardRef>
          </ForwardRef>,
          <ForwardRef>
            test
          </ForwardRef>,
          <ForwardRef>
            <ForwardRef
              active={false}
              className="close-btn"
              disabled={false}
              onClick={[MockFunction]}
              type="button"
              variant="secondary"
            >
              Close
            </ForwardRef>
          </ForwardRef>,
        ],
        "onHide": [MockFunction],
        "show": true,
      },
      "ref": null,
      "rendered": Array [
        Object {
          "instance": null,
          "key": undefined,
          "nodeType": "function",
          "props": Object {
            "children": <ForwardRef>
              test title
            </ForwardRef>,
            "closeButton": true,
            "closeLabel": "Close",
          },
          "ref": null,
          "rendered": Object {
            "instance": null,
            "key": undefined,
            "nodeType": "function",
            "props": Object {
              "children": "test title",
            },
            "ref": null,
            "rendered": "test title",
            "type": Object {
              "$$typeof": Symbol(react.forward_ref),
              "defaultProps": undefined,
              "displayName": "ModalTitle",
              "render": [Function],
            },
          },
          "type": Object {
            "$$typeof": Symbol(react.forward_ref),
            "defaultProps": Object {
              "closeButton": false,
              "closeLabel": "Close",
            },
            "displayName": "ModalHeader",
            "render": [Function],
          },
        },
        Object {
          "instance": null,
          "key": undefined,
          "nodeType": "function",
          "props": Object {
            "children": "test",
          },
          "ref": null,
          "rendered": "test",
          "type": Object {
            "$$typeof": Symbol(react.forward_ref),
            "defaultProps": undefined,
            "displayName": "ModalBody",
            "render": [Function],
          },
        },
        Object {
          "instance": null,
          "key": undefined,
          "nodeType": "function",
          "props": Object {
            "children": <ForwardRef
              active={false}
              className="close-btn"
              disabled={false}
              onClick={[MockFunction]}
              type="button"
              variant="secondary"
            >
              Close
            </ForwardRef>,
          },
          "ref": null,
          "rendered": Object {
            "instance": null,
            "key": undefined,
            "nodeType": "function",
            "props": Object {
              "active": false,
              "children": "Close",
              "className": "close-btn",
              "disabled": false,
              "onClick": [MockFunction],
              "type": "button",
              "variant": "secondary",
            },
            "ref": null,
            "rendered": "Close",
            "type": Object {
              "$$typeof": Symbol(react.forward_ref),
              "defaultProps": Object {
                "active": false,
                "disabled": false,
                "type": "button",
                "variant": "primary",
              },
              "displayName": "Button",
              "render": [Function],
            },
          },
          "type": Object {
            "$$typeof": Symbol(react.forward_ref),
            "defaultProps": undefined,
            "displayName": "ModalFooter",
            "render": [Function],
          },
        },
      ],
      "type": Object {
        "$$typeof": Symbol(react.forward_ref),
        "BACKDROP_TRANSITION_DURATION": 150,
        "Body": Object {
          "$$typeof": Symbol(react.forward_ref),
          "defaultProps": undefined,
          "displayName": "ModalBody",
          "render": [Function],
        },
        "Dialog": Object {
          "$$typeof": Symbol(react.forward_ref),
          "displayName": "ModalDialog",
          "render": [Function],
        },
        "Footer": Object {
          "$$typeof": Symbol(react.forward_ref),
          "defaultProps": undefined,
          "displayName": "ModalFooter",
          "render": [Function],
        },
        "Header": Object {
          "$$typeof": Symbol(react.forward_ref),
          "defaultProps": Object {
            "closeButton": false,
            "closeLabel": "Close",
          },
          "displayName": "ModalHeader",
          "render": [Function],
        },
        "TRANSITION_DURATION": 300,
        "Title": Object {
          "$$typeof": Symbol(react.forward_ref),
          "defaultProps": undefined,
          "displayName": "ModalTitle",
          "render": [Function],
        },
        "defaultProps": undefined,
        "displayName": "Bootstrap(Modal)",
        "propTypes": undefined,
        "render": [Function],
      },
    },
  ],
  Symbol(enzyme.__options__): Object {
    "adapter": ReactSixteenAdapter {
      "options": Object {
        "enableComponentDidUpdateOnSetState": true,
        "legacyContextMode": "parent",
        "lifecycles": Object {
          "componentDidUpdate": Object {
            "onSetState": true,
          },
          "getChildContext": Object {
            "calledByRenderer": false,
          },
          "getDerivedStateFromProps": Object {
            "hasShouldComponentUpdateBug": false,
          },
          "getSnapshotBeforeUpdate": true,
          "setState": Object {
            "skipsComponentDidUpdateOnNullish": true,
          },
        },
      },
    },
  },
}
`;
